// Jest Snapshot v1, https://goo.gl/fbAQLP

exports[`matches snapshot 1`] = `
<DocumentFragment>
  <div>
    <div
      style="background-color: rgb(255, 255, 255);"
    />
    <form>
      <input
        type="submit"
        value="X"
      />
    </form>
  </div>
</DocumentFragment>
`;
